admin/src/components/dashboard/AdminDashboard.tsx(239,20): error TS2786: 'Icon' cannot be used as a JSX component.
  Its type 'ForwardRefExoticComponent<Omit<LucideProps, "ref"> & RefAttributes<SVGSVGElement>>' is not a valid JSX element type.
    Type 'ForwardRefExoticComponent<Omit<LucideProps, "ref"> & RefAttributes<SVGSVGElement>>' is not assignable to type '(props: any, deprecatedLegacyContext?: any) => ReactNode'.
      Type 'React.ReactNode' is not assignable to type 'import("F:/AntiGravity projects/PBooksPro/admin/node_modules/@types/react/index").ReactNode'.
        Type 'bigint' is not assignable to type 'ReactNode'.
admin/src/components/dashboard/AdminDashboard.tsx(252,16): error TS2786: 'Server' cannot be used as a JSX component.
  Its type 'ForwardRefExoticComponent<Omit<LucideProps, "ref"> & RefAttributes<SVGSVGElement>>' is not a valid JSX element type.
    Type 'ForwardRefExoticComponent<Omit<LucideProps, "ref"> & RefAttributes<SVGSVGElement>>' is not assignable to type '(props: any, deprecatedLegacyContext?: any) => ReactNode'.
      Type 'React.ReactNode' is not assignable to type 'import("F:/AntiGravity projects/PBooksPro/admin/node_modules/@types/react/index").ReactNode'.
        Type 'bigint' is not assignable to type 'ReactNode'.
admin/src/components/layout/Layout.tsx(71,18): error TS2786: 'Icon' cannot be used as a JSX component.
  Its type 'ForwardRefExoticComponent<Omit<LucideProps, "ref"> & RefAttributes<SVGSVGElement>>' is not a valid JSX element type.
    Type 'ForwardRefExoticComponent<Omit<LucideProps, "ref"> & RefAttributes<SVGSVGElement>>' is not assignable to type '(props: any, deprecatedLegacyContext?: any) => ReactNode'.
      Type 'React.ReactNode' is not assignable to type 'import("F:/AntiGravity projects/PBooksPro/admin/node_modules/@types/react/index").ReactNode'.
        Type 'bigint' is not assignable to type 'ReactNode'.
admin/src/components/layout/Layout.tsx(100,14): error TS2786: 'LogOut' cannot be used as a JSX component.
  Its type 'ForwardRefExoticComponent<Omit<LucideProps, "ref"> & RefAttributes<SVGSVGElement>>' is not a valid JSX element type.
    Type 'ForwardRefExoticComponent<Omit<LucideProps, "ref"> & RefAttributes<SVGSVGElement>>' is not assignable to type '(props: any, deprecatedLegacyContext?: any) => ReactNode'.
      Type 'React.ReactNode' is not assignable to type 'import("F:/AntiGravity projects/PBooksPro/admin/node_modules/@types/react/index").ReactNode'.
        Type 'bigint' is not assignable to type 'ReactNode'.
admin/src/components/marketplace/MarketplaceManagement.tsx(200,34): error TS2786: 'Search' cannot be used as a JSX component.
  Its type 'ForwardRefExoticComponent<Omit<LucideProps, "ref"> & RefAttributes<SVGSVGElement>>' is not a valid JSX element type.
    Type 'ForwardRefExoticComponent<Omit<LucideProps, "ref"> & RefAttributes<SVGSVGElement>>' is not assignable to type '(props: any, deprecatedLegacyContext?: any) => ReactNode'.
      Type 'React.ReactNode' is not assignable to type 'import("F:/AntiGravity projects/PBooksPro/admin/node_modules/@types/react/index").ReactNode'.
        Type 'bigint' is not assignable to type 'ReactNode'.
admin/src/components/marketplace/MarketplaceManagement.tsx(249,62): error TS2786: 'ImageIcon' cannot be used as a JSX component.
  Its type 'ForwardRefExoticComponent<Omit<LucideProps, "ref"> & RefAttributes<SVGSVGElement>>' is not a valid JSX element type.
    Type 'ForwardRefExoticComponent<Omit<LucideProps, "ref"> & RefAttributes<SVGSVGElement>>' is not assignable to type '(props: any, deprecatedLegacyContext?: any) => ReactNode'.
      Type 'React.ReactNode' is not assignable to type 'import("F:/AntiGravity projects/PBooksPro/admin/node_modules/@types/react/index").ReactNode'.
        Type 'bigint' is not assignable to type 'ReactNode'.
admin/src/components/marketplace/MarketplaceManagement.tsx(289,66): error TS2786: 'Check' cannot be used as a JSX component.
  Its type 'ForwardRefExoticComponent<Omit<LucideProps, "ref"> & RefAttributes<SVGSVGElement>>' is not a valid JSX element type.
    Type 'ForwardRefExoticComponent<Omit<LucideProps, "ref"> & RefAttributes<SVGSVGElement>>' is not assignable to type '(props: any, deprecatedLegacyContext?: any) => ReactNode'.
      Type 'React.ReactNode' is not assignable to type 'import("F:/AntiGravity projects/PBooksPro/admin/node_modules/@types/react/index").ReactNode'.
        Type 'bigint' is not assignable to type 'ReactNode'.
admin/src/components/marketplace/MarketplaceManagement.tsx(297,66): error TS2786: 'X' cannot be used as a JSX component.
  Its type 'ForwardRefExoticComponent<Omit<LucideProps, "ref"> & RefAttributes<SVGSVGElement>>' is not a valid JSX element type.
    Type 'ForwardRefExoticComponent<Omit<LucideProps, "ref"> & RefAttributes<SVGSVGElement>>' is not assignable to type '(props: any, deprecatedLegacyContext?: any) => ReactNode'.
      Type 'React.ReactNode' is not assignable to type 'import("F:/AntiGravity projects/PBooksPro/admin/node_modules/@types/react/index").ReactNode'.
        Type 'bigint' is not assignable to type 'ReactNode'.
admin/src/components/marketplace/MarketplaceManagement.tsx(308,62): error TS2786: 'X' cannot be used as a JSX component.
  Its type 'ForwardRefExoticComponent<Omit<LucideProps, "ref"> & RefAttributes<SVGSVGElement>>' is not a valid JSX element type.
    Type 'ForwardRefExoticComponent<Omit<LucideProps, "ref"> & RefAttributes<SVGSVGElement>>' is not assignable to type '(props: any, deprecatedLegacyContext?: any) => ReactNode'.
      Type 'React.ReactNode' is not assignable to type 'import("F:/AntiGravity projects/PBooksPro/admin/node_modules/@types/react/index").ReactNode'.
        Type 'bigint' is not assignable to type 'ReactNode'.
admin/src/components/marketplace/MarketplaceManagement.tsx(318,62): error TS2786: 'Check' cannot be used as a JSX component.
  Its type 'ForwardRefExoticComponent<Omit<LucideProps, "ref"> & RefAttributes<SVGSVGElement>>' is not a valid JSX element type.
    Type 'ForwardRefExoticComponent<Omit<LucideProps, "ref"> & RefAttributes<SVGSVGElement>>' is not assignable to type '(props: any, deprecatedLegacyContext?: any) => ReactNode'.
      Type 'React.ReactNode' is not assignable to type 'import("F:/AntiGravity projects/PBooksPro/admin/node_modules/@types/react/index").ReactNode'.
        Type 'bigint' is not assignable to type 'ReactNode'.
admin/src/components/marketplace/MarketplaceManagement.tsx(343,30): error TS2786: 'Plus' cannot be used as a JSX component.
  Its type 'ForwardRefExoticComponent<Omit<LucideProps, "ref"> & RefAttributes<SVGSVGElement>>' is not a valid JSX element type.
    Type 'ForwardRefExoticComponent<Omit<LucideProps, "ref"> & RefAttributes<SVGSVGElement>>' is not assignable to type '(props: any, deprecatedLegacyContext?: any) => ReactNode'.
      Type 'React.ReactNode' is not assignable to type 'import("F:/AntiGravity projects/PBooksPro/admin/node_modules/@types/react/index").ReactNode'.
        Type 'bigint' is not assignable to type 'ReactNode'.
admin/src/components/marketplace/MarketplaceManagement.tsx(379,58): error TS2786: 'Edit2' cannot be used as a JSX component.
  Its type 'ForwardRefExoticComponent<Omit<LucideProps, "ref"> & RefAttributes<SVGSVGElement>>' is not a valid JSX element type.
    Type 'ForwardRefExoticComponent<Omit<LucideProps, "ref"> & RefAttributes<SVGSVGElement>>' is not assignable to type '(props: any, deprecatedLegacyContext?: any) => ReactNode'.
      Type 'React.ReactNode' is not assignable to type 'import("F:/AntiGravity projects/PBooksPro/admin/node_modules/@types/react/index").ReactNode'.
        Type 'bigint' is not assignable to type 'ReactNode'.
admin/src/components/marketplace/MarketplaceManagement.tsx(385,58): error TS2786: 'Trash2' cannot be used as a JSX component.
  Its type 'ForwardRefExoticComponent<Omit<LucideProps, "ref"> & RefAttributes<SVGSVGElement>>' is not a valid JSX element type.
    Type 'ForwardRefExoticComponent<Omit<LucideProps, "ref"> & RefAttributes<SVGSVGElement>>' is not assignable to type '(props: any, deprecatedLegacyContext?: any) => ReactNode'.
      Type 'React.ReactNode' is not assignable to type 'import("F:/AntiGravity projects/PBooksPro/admin/node_modules/@types/react/index").ReactNode'.
        Type 'bigint' is not assignable to type 'ReactNode'.
admin/src/components/monitoring/SystemMonitoring.tsx(238,26): error TS2786: 'Server' cannot be used as a JSX component.
  Its type 'ForwardRefExoticComponent<Omit<LucideProps, "ref"> & RefAttributes<SVGSVGElement>>' is not a valid JSX element type.
    Type 'ForwardRefExoticComponent<Omit<LucideProps, "ref"> & RefAttributes<SVGSVGElement>>' is not assignable to type '(props: any, deprecatedLegacyContext?: any) => ReactNode'.
      Type 'React.ReactNode' is not assignable to type 'import("F:/AntiGravity projects/PBooksPro/admin/node_modules/@types/react/index").ReactNode'.
        Type 'bigint' is not assignable to type 'ReactNode'.
admin/src/components/monitoring/SystemMonitoring.tsx(255,46): error TS2769: No overload matches this call.
  The last overload gave the following error.
    Argument of type 'ForwardRefExoticComponent<Omit<LucideProps, "ref"> & RefAttributes<SVGSVGElement>>' is not assignable to parameter of type 'string | FunctionComponent<Omit<LucideProps, "ref"> & RefAttributes<SVGSVGElement>> | ComponentClass<Omit<LucideProps, "ref"> & RefAttributes<...>, any>'.
      Type 'ForwardRefExoticComponent<Omit<LucideProps, "ref"> & RefAttributes<SVGSVGElement>>' is not assignable to type 'FunctionComponent<Omit<LucideProps, "ref"> & RefAttributes<SVGSVGElement>>'.
        Type 'React.ReactNode' is not assignable to type 'import("F:/AntiGravity projects/PBooksPro/admin/node_modules/@types/react/index").ReactNode'.
          Type 'bigint' is not assignable to type 'ReactNode'.
admin/src/components/monitoring/SystemMonitoring.tsx(272,26): error TS2786: 'Cpu' cannot be used as a JSX component.
  Its type 'ForwardRefExoticComponent<Omit<LucideProps, "ref"> & RefAttributes<SVGSVGElement>>' is not a valid JSX element type.
    Type 'ForwardRefExoticComponent<Omit<LucideProps, "ref"> & RefAttributes<SVGSVGElement>>' is not assignable to type '(props: any, deprecatedLegacyContext?: any) => ReactNode'.
      Type 'React.ReactNode' is not assignable to type 'import("F:/AntiGravity projects/PBooksPro/admin/node_modules/@types/react/index").ReactNode'.
        Type 'bigint' is not assignable to type 'ReactNode'.
admin/src/components/monitoring/SystemMonitoring.tsx(289,26): error TS2786: 'Database' cannot be used as a JSX component.
  Its type 'ForwardRefExoticComponent<Omit<LucideProps, "ref"> & RefAttributes<SVGSVGElement>>' is not a valid JSX element type.
    Type 'ForwardRefExoticComponent<Omit<LucideProps, "ref"> & RefAttributes<SVGSVGElement>>' is not assignable to type '(props: any, deprecatedLegacyContext?: any) => ReactNode'.
      Type 'React.ReactNode' is not assignable to type 'import("F:/AntiGravity projects/PBooksPro/admin/node_modules/@types/react/index").ReactNode'.
        Type 'bigint' is not assignable to type 'ReactNode'.
admin/src/components/monitoring/SystemMonitoring.tsx(306,26): error TS2786: 'Users' cannot be used as a JSX component.
  Its type 'ForwardRefExoticComponent<Omit<LucideProps, "ref"> & RefAttributes<SVGSVGElement>>' is not a valid JSX element type.
    Type 'ForwardRefExoticComponent<Omit<LucideProps, "ref"> & RefAttributes<SVGSVGElement>>' is not assignable to type '(props: any, deprecatedLegacyContext?: any) => ReactNode'.
      Type 'React.ReactNode' is not assignable to type 'import("F:/AntiGravity projects/PBooksPro/admin/node_modules/@types/react/index").ReactNode'.
        Type 'bigint' is not assignable to type 'ReactNode'.
admin/src/components/monitoring/SystemMonitoring.tsx(323,26): error TS2786: 'Activity' cannot be used as a JSX component.
  Its type 'ForwardRefExoticComponent<Omit<LucideProps, "ref"> & RefAttributes<SVGSVGElement>>' is not a valid JSX element type.
    Type 'ForwardRefExoticComponent<Omit<LucideProps, "ref"> & RefAttributes<SVGSVGElement>>' is not assignable to type '(props: any, deprecatedLegacyContext?: any) => ReactNode'.
      Type 'React.ReactNode' is not assignable to type 'import("F:/AntiGravity projects/PBooksPro/admin/node_modules/@types/react/index").ReactNode'.
        Type 'bigint' is not assignable to type 'ReactNode'.
admin/src/components/monitoring/SystemMonitoring.tsx(331,22): error TS2786: 'Server' cannot be used as a JSX component.
  Its type 'ForwardRefExoticComponent<Omit<LucideProps, "ref"> & RefAttributes<SVGSVGElement>>' is not a valid JSX element type.
    Type 'ForwardRefExoticComponent<Omit<LucideProps, "ref"> & RefAttributes<SVGSVGElement>>' is not assignable to type '(props: any, deprecatedLegacyContext?: any) => ReactNode'.
      Type 'React.ReactNode' is not assignable to type 'import("F:/AntiGravity projects/PBooksPro/admin/node_modules/@types/react/index").ReactNode'.
        Type 'bigint' is not assignable to type 'ReactNode'.
admin/src/components/monitoring/SystemMonitoring.tsx(371,22): error TS2786: 'Database' cannot be used as a JSX component.
  Its type 'ForwardRefExoticComponent<Omit<LucideProps, "ref"> & RefAttributes<SVGSVGElement>>' is not a valid JSX element type.
    Type 'ForwardRefExoticComponent<Omit<LucideProps, "ref"> & RefAttributes<SVGSVGElement>>' is not assignable to type '(props: any, deprecatedLegacyContext?: any) => ReactNode'.
      Type 'React.ReactNode' is not assignable to type 'import("F:/AntiGravity projects/PBooksPro/admin/node_modules/@types/react/index").ReactNode'.
        Type 'bigint' is not assignable to type 'ReactNode'.
admin/src/components/monitoring/SystemMonitoring.tsx(437,22): error TS2786: 'Users' cannot be used as a JSX component.
  Its type 'ForwardRefExoticComponent<Omit<LucideProps, "ref"> & RefAttributes<SVGSVGElement>>' is not a valid JSX element type.
    Type 'ForwardRefExoticComponent<Omit<LucideProps, "ref"> & RefAttributes<SVGSVGElement>>' is not assignable to type '(props: any, deprecatedLegacyContext?: any) => ReactNode'.
      Type 'React.ReactNode' is not assignable to type 'import("F:/AntiGravity projects/PBooksPro/admin/node_modules/@types/react/index").ReactNode'.
        Type 'bigint' is not assignable to type 'ReactNode'.
admin/src/components/tenants/TenantManagement.tsx(133,14): error TS2786: 'Search' cannot be used as a JSX component.
  Its type 'ForwardRefExoticComponent<Omit<LucideProps, "ref"> & RefAttributes<SVGSVGElement>>' is not a valid JSX element type.
    Type 'ForwardRefExoticComponent<Omit<LucideProps, "ref"> & RefAttributes<SVGSVGElement>>' is not assignable to type '(props: any, deprecatedLegacyContext?: any) => ReactNode'.
      Type 'React.ReactNode' is not assignable to type 'import("F:/AntiGravity projects/PBooksPro/admin/node_modules/@types/react/index").ReactNode'.
        Type 'bigint' is not assignable to type 'ReactNode'.
admin/src/components/tenants/TenantManagement.tsx(210,26): error TS2786: 'Eye' cannot be used as a JSX component.
  Its type 'ForwardRefExoticComponent<Omit<LucideProps, "ref"> & RefAttributes<SVGSVGElement>>' is not a valid JSX element type.
    Type 'ForwardRefExoticComponent<Omit<LucideProps, "ref"> & RefAttributes<SVGSVGElement>>' is not assignable to type '(props: any, deprecatedLegacyContext?: any) => ReactNode'.
      Type 'React.ReactNode' is not assignable to type 'import("F:/AntiGravity projects/PBooksPro/admin/node_modules/@types/react/index").ReactNode'.
        Type 'bigint' is not assignable to type 'ReactNode'.
admin/src/components/tenants/TenantManagement.tsx(219,28): error TS2786: 'CheckCircle' cannot be used as a JSX component.
  Its type 'ForwardRefExoticComponent<Omit<LucideProps, "ref"> & RefAttributes<SVGSVGElement>>' is not a valid JSX element type.
    Type 'ForwardRefExoticComponent<Omit<LucideProps, "ref"> & RefAttributes<SVGSVGElement>>' is not assignable to type '(props: any, deprecatedLegacyContext?: any) => ReactNode'.
      Type 'React.ReactNode' is not assignable to type 'import("F:/AntiGravity projects/PBooksPro/admin/node_modules/@types/react/index").ReactNode'.
        Type 'bigint' is not assignable to type 'ReactNode'.
admin/src/components/tenants/TenantManagement.tsx(228,28): error TS2786: 'Ban' cannot be used as a JSX component.
  Its type 'ForwardRefExoticComponent<Omit<LucideProps, "ref"> & RefAttributes<SVGSVGElement>>' is not a valid JSX element type.
    Type 'ForwardRefExoticComponent<Omit<LucideProps, "ref"> & RefAttributes<SVGSVGElement>>' is not assignable to type '(props: any, deprecatedLegacyContext?: any) => ReactNode'.
      Type 'React.ReactNode' is not assignable to type 'import("F:/AntiGravity projects/PBooksPro/admin/node_modules/@types/react/index").ReactNode'.
        Type 'bigint' is not assignable to type 'ReactNode'.
admin/src/components/tenants/TenantManagement.tsx(238,26): error TS2786: 'Trash2' cannot be used as a JSX component.
  Its type 'ForwardRefExoticComponent<Omit<LucideProps, "ref"> & RefAttributes<SVGSVGElement>>' is not a valid JSX element type.
    Type 'ForwardRefExoticComponent<Omit<LucideProps, "ref"> & RefAttributes<SVGSVGElement>>' is not assignable to type '(props: any, deprecatedLegacyContext?: any) => ReactNode'.
      Type 'React.ReactNode' is not assignable to type 'import("F:/AntiGravity projects/PBooksPro/admin/node_modules/@types/react/index").ReactNode'.
        Type 'bigint' is not assignable to type 'ReactNode'.
admin/src/components/tenants/TenantManagement.tsx(571,18): error TS2786: 'Edit2' cannot be used as a JSX component.
  Its type 'ForwardRefExoticComponent<Omit<LucideProps, "ref"> & RefAttributes<SVGSVGElement>>' is not a valid JSX element type.
    Type 'ForwardRefExoticComponent<Omit<LucideProps, "ref"> & RefAttributes<SVGSVGElement>>' is not assignable to type '(props: any, deprecatedLegacyContext?: any) => ReactNode'.
      Type 'React.ReactNode' is not assignable to type 'import("F:/AntiGravity projects/PBooksPro/admin/node_modules/@types/react/index").ReactNode'.
        Type 'bigint' is not assignable to type 'ReactNode'.
admin/src/components/tenants/TenantManagement.tsx(788,16): error TS2786: 'Key' cannot be used as a JSX component.
  Its type 'ForwardRefExoticComponent<Omit<LucideProps, "ref"> & RefAttributes<SVGSVGElement>>' is not a valid JSX element type.
    Type 'ForwardRefExoticComponent<Omit<LucideProps, "ref"> & RefAttributes<SVGSVGElement>>' is not assignable to type '(props: any, deprecatedLegacyContext?: any) => ReactNode'.
      Type 'React.ReactNode' is not assignable to type 'import("F:/AntiGravity projects/PBooksPro/admin/node_modules/@types/react/index").ReactNode'.
        Type 'bigint' is not assignable to type 'ReactNode'.
admin/src/components/tenants/TenantManagement.tsx(887,18): error TS2786: 'X' cannot be used as a JSX component.
  Its type 'ForwardRefExoticComponent<Omit<LucideProps, "ref"> & RefAttributes<SVGSVGElement>>' is not a valid JSX element type.
    Type 'ForwardRefExoticComponent<Omit<LucideProps, "ref"> & RefAttributes<SVGSVGElement>>' is not assignable to type '(props: any, deprecatedLegacyContext?: any) => ReactNode'.
      Type 'React.ReactNode' is not assignable to type 'import("F:/AntiGravity projects/PBooksPro/admin/node_modules/@types/react/index").ReactNode'.
        Type 'bigint' is not assignable to type 'ReactNode'.
admin/src/components/tenants/TenantManagement.tsx(896,18): error TS2786: 'Save' cannot be used as a JSX component.
  Its type 'ForwardRefExoticComponent<Omit<LucideProps, "ref"> & RefAttributes<SVGSVGElement>>' is not a valid JSX element type.
    Type 'ForwardRefExoticComponent<Omit<LucideProps, "ref"> & RefAttributes<SVGSVGElement>>' is not assignable to type '(props: any, deprecatedLegacyContext?: any) => ReactNode'.
      Type 'React.ReactNode' is not assignable to type 'import("F:/AntiGravity projects/PBooksPro/admin/node_modules/@types/react/index").ReactNode'.
        Type 'bigint' is not assignable to type 'ReactNode'.
admin/src/components/tenants/TenantManagement.tsx(905,16): error TS2786: 'Box' cannot be used as a JSX component.
  Its type 'ForwardRefExoticComponent<Omit<LucideProps, "ref"> & RefAttributes<SVGSVGElement>>' is not a valid JSX element type.
    Type 'ForwardRefExoticComponent<Omit<LucideProps, "ref"> & RefAttributes<SVGSVGElement>>' is not assignable to type '(props: any, deprecatedLegacyContext?: any) => ReactNode'.
      Type 'React.ReactNode' is not assignable to type 'import("F:/AntiGravity projects/PBooksPro/admin/node_modules/@types/react/index").ReactNode'.
        Type 'bigint' is not assignable to type 'ReactNode'.
admin/src/components/tenants/TenantManagement.tsx(999,18): error TS2786: 'Users' cannot be used as a JSX component.
  Its type 'ForwardRefExoticComponent<Omit<LucideProps, "ref"> & RefAttributes<SVGSVGElement>>' is not a valid JSX element type.
    Type 'ForwardRefExoticComponent<Omit<LucideProps, "ref"> & RefAttributes<SVGSVGElement>>' is not assignable to type '(props: any, deprecatedLegacyContext?: any) => ReactNode'.
      Type 'React.ReactNode' is not assignable to type 'import("F:/AntiGravity projects/PBooksPro/admin/node_modules/@types/react/index").ReactNode'.
        Type 'bigint' is not assignable to type 'ReactNode'.
admin/src/components/tenants/TenantManagement.tsx(1009,18): error TS2786: 'RefreshCw' cannot be used as a JSX component.
  Its type 'ForwardRefExoticComponent<Omit<LucideProps, "ref"> & RefAttributes<SVGSVGElement>>' is not a valid JSX element type.
    Type 'ForwardRefExoticComponent<Omit<LucideProps, "ref"> & RefAttributes<SVGSVGElement>>' is not assignable to type '(props: any, deprecatedLegacyContext?: any) => ReactNode'.
      Type 'React.ReactNode' is not assignable to type 'import("F:/AntiGravity projects/PBooksPro/admin/node_modules/@types/react/index").ReactNode'.
        Type 'bigint' is not assignable to type 'ReactNode'.
admin/src/components/tenants/TenantManagement.tsx(1123,32): error TS2786: 'Key' cannot be used as a JSX component.
  Its type 'ForwardRefExoticComponent<Omit<LucideProps, "ref"> & RefAttributes<SVGSVGElement>>' is not a valid JSX element type.
    Type 'ForwardRefExoticComponent<Omit<LucideProps, "ref"> & RefAttributes<SVGSVGElement>>' is not assignable to type '(props: any, deprecatedLegacyContext?: any) => ReactNode'.
      Type 'React.ReactNode' is not assignable to type 'import("F:/AntiGravity projects/PBooksPro/admin/node_modules/@types/react/index").ReactNode'.
        Type 'bigint' is not assignable to type 'ReactNode'.
admin/src/components/tenants/TenantManagement.tsx(1132,34): error TS2786: 'LogOut' cannot be used as a JSX component.
  Its type 'ForwardRefExoticComponent<Omit<LucideProps, "ref"> & RefAttributes<SVGSVGElement>>' is not a valid JSX element type.
    Type 'ForwardRefExoticComponent<Omit<LucideProps, "ref"> & RefAttributes<SVGSVGElement>>' is not assignable to type '(props: any, deprecatedLegacyContext?: any) => ReactNode'.
      Type 'React.ReactNode' is not assignable to type 'import("F:/AntiGravity projects/PBooksPro/admin/node_modules/@types/react/index").ReactNode'.
        Type 'bigint' is not assignable to type 'ReactNode'.
admin/src/components/tenants/TenantManagement.tsx(1141,32): error TS2786: 'UserX' cannot be used as a JSX component.
  Its type 'ForwardRefExoticComponent<Omit<LucideProps, "ref"> & RefAttributes<SVGSVGElement>>' is not a valid JSX element type.
    Type 'ForwardRefExoticComponent<Omit<LucideProps, "ref"> & RefAttributes<SVGSVGElement>>' is not assignable to type '(props: any, deprecatedLegacyContext?: any) => ReactNode'.
      Type 'React.ReactNode' is not assignable to type 'import("F:/AntiGravity projects/PBooksPro/admin/node_modules/@types/react/index").ReactNode'.
        Type 'bigint' is not assignable to type 'ReactNode'.
admin/src/components/users/UserManagement.tsx(140,26): error TS2786: 'Shield' cannot be used as a JSX component.
  Its type 'ForwardRefExoticComponent<Omit<LucideProps, "ref"> & RefAttributes<SVGSVGElement>>' is not a valid JSX element type.
    Type 'ForwardRefExoticComponent<Omit<LucideProps, "ref"> & RefAttributes<SVGSVGElement>>' is not assignable to type '(props: any, deprecatedLegacyContext?: any) => ReactNode'.
      Type 'React.ReactNode' is not assignable to type 'import("F:/AntiGravity projects/PBooksPro/admin/node_modules/@types/react/index").ReactNode'.
        Type 'bigint' is not assignable to type 'ReactNode'.
admin/src/components/users/UserManagement.tsx(140,103): error TS2786: 'User' cannot be used as a JSX component.
  Its type 'ForwardRefExoticComponent<Omit<LucideProps, "ref"> & RefAttributes<SVGSVGElement>>' is not a valid JSX element type.
    Type 'ForwardRefExoticComponent<Omit<LucideProps, "ref"> & RefAttributes<SVGSVGElement>>' is not assignable to type '(props: any, deprecatedLegacyContext?: any) => ReactNode'.
      Type 'React.ReactNode' is not assignable to type 'import("F:/AntiGravity projects/PBooksPro/admin/node_modules/@types/react/index").ReactNode'.
        Type 'bigint' is not assignable to type 'ReactNode'.
admin/src/components/users/UserManagement.tsx(180,12): error TS2786: 'UserPlus' cannot be used as a JSX component.
  Its type 'ForwardRefExoticComponent<Omit<LucideProps, "ref"> & RefAttributes<SVGSVGElement>>' is not a valid JSX element type.
    Type 'ForwardRefExoticComponent<Omit<LucideProps, "ref"> & RefAttributes<SVGSVGElement>>' is not assignable to type '(props: any, deprecatedLegacyContext?: any) => ReactNode'.
      Type 'React.ReactNode' is not assignable to type 'import("F:/AntiGravity projects/PBooksPro/admin/node_modules/@types/react/index").ReactNode'.
        Type 'bigint' is not assignable to type 'ReactNode'.
admin/src/components/users/UserManagement.tsx(189,14): error TS2786: 'Search' cannot be used as a JSX component.
  Its type 'ForwardRefExoticComponent<Omit<LucideProps, "ref"> & RefAttributes<SVGSVGElement>>' is not a valid JSX element type.
    Type 'ForwardRefExoticComponent<Omit<LucideProps, "ref"> & RefAttributes<SVGSVGElement>>' is not assignable to type '(props: any, deprecatedLegacyContext?: any) => ReactNode'.
      Type 'React.ReactNode' is not assignable to type 'import("F:/AntiGravity projects/PBooksPro/admin/node_modules/@types/react/index").ReactNode'.
        Type 'bigint' is not assignable to type 'ReactNode'.
admin/src/components/users/UserManagement.tsx(269,26): error TS2786: 'Edit' cannot be used as a JSX component.
  Its type 'ForwardRefExoticComponent<Omit<LucideProps, "ref"> & RefAttributes<SVGSVGElement>>' is not a valid JSX element type.
    Type 'ForwardRefExoticComponent<Omit<LucideProps, "ref"> & RefAttributes<SVGSVGElement>>' is not assignable to type '(props: any, deprecatedLegacyContext?: any) => ReactNode'.
      Type 'React.ReactNode' is not assignable to type 'import("F:/AntiGravity projects/PBooksPro/admin/node_modules/@types/react/index").ReactNode'.
        Type 'bigint' is not assignable to type 'ReactNode'.
admin/src/components/users/UserManagement.tsx(277,26): error TS2786: 'Trash2' cannot be used as a JSX component.
  Its type 'ForwardRefExoticComponent<Omit<LucideProps, "ref"> & RefAttributes<SVGSVGElement>>' is not a valid JSX element type.
    Type 'ForwardRefExoticComponent<Omit<LucideProps, "ref"> & RefAttributes<SVGSVGElement>>' is not assignable to type '(props: any, deprecatedLegacyContext?: any) => ReactNode'.
      Type 'React.ReactNode' is not assignable to type 'import("F:/AntiGravity projects/PBooksPro/admin/node_modules/@types/react/index").ReactNode'.
        Type 'bigint' is not assignable to type 'ReactNode'.
admin/src/components/users/UserManagement.tsx(306,18): error TS2786: 'X' cannot be used as a JSX component.
  Its type 'ForwardRefExoticComponent<Omit<LucideProps, "ref"> & RefAttributes<SVGSVGElement>>' is not a valid JSX element type.
    Type 'ForwardRefExoticComponent<Omit<LucideProps, "ref"> & RefAttributes<SVGSVGElement>>' is not assignable to type '(props: any, deprecatedLegacyContext?: any) => ReactNode'.
      Type 'React.ReactNode' is not assignable to type 'import("F:/AntiGravity projects/PBooksPro/admin/node_modules/@types/react/index").ReactNode'.
        Type 'bigint' is not assignable to type 'ReactNode'.
admin/src/components/users/UserManagement.tsx(414,22): error TS2786: 'Save' cannot be used as a JSX component.
  Its type 'ForwardRefExoticComponent<Omit<LucideProps, "ref"> & RefAttributes<SVGSVGElement>>' is not a valid JSX element type.
    Type 'ForwardRefExoticComponent<Omit<LucideProps, "ref"> & RefAttributes<SVGSVGElement>>' is not assignable to type '(props: any, deprecatedLegacyContext?: any) => ReactNode'.
      Type 'React.ReactNode' is not assignable to type 'import("F:/AntiGravity projects/PBooksPro/admin/node_modules/@types/react/index").ReactNode'.
        Type 'bigint' is not assignable to type 'ReactNode'.
check_loyalty.ts(2,17): error TS2307: Cannot find module 'pg' or its corresponding type declarations.
check_loyalty.ts(4,20): error TS2307: Cannot find module 'dotenv' or its corresponding type declarations.
components/auth/TenantRegistration.tsx(152,17): error TS2322: Type '{ id: string; name: string; label: string; value: string; onChange: (e: ChangeEvent<HTMLInputElement>) => void; required: true; error: string; }' is not assignable to type 'IntrinsicAttributes & InputProps'.
  Property 'error' does not exist on type 'IntrinsicAttributes & InputProps'. Did you mean 'onError'?
components/auth/TenantRegistration.tsx(164,15): error TS2322: Type '{ id: string; name: string; label: string; type: "email"; value: string; onChange: (e: ChangeEvent<HTMLInputElement>) => void; required: true; error: string; }' is not assignable to type 'IntrinsicAttributes & InputProps'.
  Property 'error' does not exist on type 'IntrinsicAttributes & InputProps'. Did you mean 'onError'?
components/auth/TenantRegistration.tsx(219,15): error TS2322: Type '{ id: string; name: string; label: string; value: string; onChange: (e: ChangeEvent<HTMLInputElement>) => void; required: true; error: string; }' is not assignable to type 'IntrinsicAttributes & InputProps'.
  Property 'error' does not exist on type 'IntrinsicAttributes & InputProps'. Did you mean 'onError'?
components/auth/TenantRegistration.tsx(229,15): error TS2322: Type '{ id: string; name: string; label: string; value: string; onChange: (e: ChangeEvent<HTMLInputElement>) => void; required: true; error: string; }' is not assignable to type 'IntrinsicAttributes & InputProps'.
  Property 'error' does not exist on type 'IntrinsicAttributes & InputProps'. Did you mean 'onError'?
components/auth/TenantRegistration.tsx(241,17): error TS2322: Type '{ id: string; name: string; label: string; type: "password"; value: string; onChange: (e: ChangeEvent<HTMLInputElement>) => void; required: true; error: string; autoComplete: "off"; "data-form-type": string; }' is not assignable to type 'IntrinsicAttributes & InputProps'.
  Property 'error' does not exist on type 'IntrinsicAttributes & InputProps'. Did you mean 'onError'?
components/bizPlanet/BizPlanetPage.tsx(45,75): error TS2367: This comparison appears to be unintentional because the types 'boolean' and 'string' have no overlap.
components/bizPlanet/BuyerDashboard.tsx(926,108): error TS2339: Property 'poNumber' does not exist on type 'P2PInvoice'.
components/bizPlanet/BuyerDashboard.tsx(959,140): error TS2339: Property 'poNumber' does not exist on type 'P2PInvoice'.
components/bizPlanet/BuyerDashboard.tsx(1080,98): error TS2339: Property 'phone' does not exist on type 'Supplier'.
components/bizPlanet/BuyerDashboard.tsx(1083,143): error TS2339: Property 'phone' does not exist on type 'Supplier'.
components/bizPlanet/SupplierPortal.tsx(133,45): error TS2339: Property 'approvedAt' does not exist on type 'P2PInvoice'.
components/bizPlanet/SupplierPortal.tsx(145,45): error TS2339: Property 'rejectedAt' does not exist on type 'P2PInvoice'.
components/bizPlanet/SupplierPortal.tsx(826,108): error TS2339: Property 'poNumber' does not exist on type 'P2PInvoice'.
components/bizPlanet/SupplierPortal.tsx(860,140): error TS2339: Property 'poNumber' does not exist on type 'P2PInvoice'.
components/chat/ChatModal.tsx(54,83): error TS2341: Property 'isInitialized' is private and only accessible within class 'DatabaseService'.
components/chat/ChatModal.tsx(115,22): error TS2339: Property 'phoneNumber' does not exist on type 'ChatMessage'.
components/chat/ChatModal.tsx(115,42): error TS2339: Property 'direction' does not exist on type 'ChatMessage'.
components/chat/ChatModal.tsx(235,26): error TS2339: Property 'message' does not exist on type 'unknown'.
components/chat/ChatModal.tsx(236,80): error TS2339: Property 'message' does not exist on type 'unknown'.
components/chat/ChatModal.tsx(237,42): error TS2339: Property 'message' does not exist on type 'unknown'.
components/chat/ChatModal.tsx(239,52): error TS2339: Property 'message' does not exist on type 'unknown'.
components/dashboard/DashboardPage.tsx(87,88): error TS2339: Property 'totalAmount' does not exist on type 'Invoice'.
components/dashboard/DashboardPage.tsx(87,109): error TS2339: Property 'date' does not exist on type 'Invoice'.
components/dashboard/DashboardPage.tsx(179,109): error TS2769: No overload matches this call.
  Overload 1 of 2, '(props: Props, context?: any): string | number | bigint | boolean | ReactElement<unknown, string | JSXElementConstructor<any>> | Iterable<...> | Promise<...> | Component<...>', gave the following error.
    Type '{ type: "monotone"; dataKey: string; stroke: string; strokeWidth: number; fillUrl: string; }' is not assignable to type 'IntrinsicAttributes & AreaSvgProps & AreaProps'.
      Property 'fillUrl' does not exist on type 'IntrinsicAttributes & AreaSvgProps & AreaProps'.
  Overload 2 of 2, '(props: Props): string | number | bigint | boolean | ReactElement<unknown, string | JSXElementConstructor<any>> | Iterable<ReactNode> | Promise<...> | Component<...>', gave the following error.
    Type '{ type: "monotone"; dataKey: string; stroke: string; strokeWidth: number; fillUrl: string; }' is not assignable to type 'IntrinsicAttributes & AreaSvgProps & AreaProps'.
      Property 'fillUrl' does not exist on type 'IntrinsicAttributes & AreaSvgProps & AreaProps'.
components/dashboard/DashboardPage.tsx(180,110): error TS2769: No overload matches this call.
  Overload 1 of 2, '(props: Props, context?: any): string | number | bigint | boolean | ReactElement<unknown, string | JSXElementConstructor<any>> | Iterable<...> | Promise<...> | Component<...>', gave the following error.
    Type '{ type: "monotone"; dataKey: string; stroke: string; strokeWidth: number; fillUrl: string; }' is not assignable to type 'IntrinsicAttributes & AreaSvgProps & AreaProps'.
      Property 'fillUrl' does not exist on type 'IntrinsicAttributes & AreaSvgProps & AreaProps'.
  Overload 2 of 2, '(props: Props): string | number | bigint | boolean | ReactElement<unknown, string | JSXElementConstructor<any>> | Iterable<ReactNode> | Promise<...> | Component<...>', gave the following error.
    Type '{ type: "monotone"; dataKey: string; stroke: string; strokeWidth: number; fillUrl: string; }' is not assignable to type 'IntrinsicAttributes & AreaSvgProps & AreaProps'.
      Property 'fillUrl' does not exist on type 'IntrinsicAttributes & AreaSvgProps & AreaProps'.
components/dashboard/KPI_Card.tsx(35,61): error TS2769: No overload matches this call.
  The last overload gave the following error.
    Object literal may only specify known properties, and 'width' does not exist in type 'Partial<unknown> & Attributes'.
components/inventory/PurchasesTab.tsx(3,10): error TS2305: Module '"../../types"' has no exported member 'ShopPurchaseBill'.
components/inventory/PurchasesTab.tsx(3,28): error TS2305: Module '"../../types"' has no exported member 'ShopBillItem'.
components/inventory/PurchasesTab.tsx(3,42): error TS2305: Module '"../../types"' has no exported member 'ShopBillStatus'.
components/inventory/PurchasesTab.tsx(3,58): error TS2305: Module '"../../types"' has no exported member 'ShopInventoryItem'.
components/inventory/PurchasesTab.tsx(3,77): error TS2305: Module '"../../types"' has no exported member 'ShopPayment'.
components/invoices/InvoiceBillForm.tsx(649,65): error TS2304: Cannot find name 'Vendor'.
components/invoices/InvoiceBillForm.tsx(652,51): error TS2304: Cannot find name 'Vendor'.
components/layout/Header.tsx(368,69): error TS2339: Property 'contactId' does not exist on type '{ type: "installment_plan"; planId: string; } | { type: "bizPlanet"; target: BizPlanetNotificationTarget; focus: BizPlanetNotificationFocus; } | { ...; }'.
  Property 'contactId' does not exist on type '{ type: "installment_plan"; planId: string; }'.
components/layout/Header.tsx(372,47): error TS2339: Property 'phoneNumber' does not exist on type '{ type: "installment_plan"; planId: string; } | { type: "bizPlanet"; target: BizPlanetNotificationTarget; focus: BizPlanetNotificationFocus; } | { ...; }'.
  Property 'phoneNumber' does not exist on type '{ type: "installment_plan"; planId: string; }'.
components/license/MockPaymentPage.tsx(4,46): error TS2307: Cannot find module 'react-router-dom' or its corresponding type declarations.
components/license/PaymentHistory.tsx(107,62): error TS2339: Property 'receipt' does not exist on type '{ home: Element; trendingUp: Element; settings: Element; plus: Element; minus: Element; chevronLeft: Element; chevronRight: Element; ... 69 more ...; userCheck: Element; }'.
components/license/PaymentSuccessPage.tsx(13,11): error TS2339: Property 'checkLicenseStatus' does not exist on type 'LicenseContextType'.
components/marketing/MarketingPage.tsx(964,43): error TS2339: Property 'data' does not exist on type 'unknown'.
components/marketing/MarketingPage.tsx(1019,51): error TS2339: Property 'data' does not exist on type 'unknown'.
components/marketing/MarketingPage.tsx(1132,45): error TS2339: Property 'settings' does not exist on type 'AppState'.
components/marketing/MarketingPage.tsx(1182,43): error TS2339: Property 'settings' does not exist on type 'AppState'.
components/marketing/MarketingPage.tsx(1205,30): error TS2367: This comparison appears to be unintentional because the types '"Yearly"' and '"Half-Yearly"' have no overlap.
components/marketing/MarketingPage.tsx(1284,23): error TS2339: Property 'settings' does not exist on type 'AppState'.
components/marketing/MarketingPage.tsx(1286,30): error TS2339: Property 'settings' does not exist on type 'AppState'.
components/marketing/MarketingPage.tsx(1292,28): error TS2322: Type '"UPDATE_SETTINGS"' is not assignable to type '"SET_STATE" | "SET_PAGE" | "LOGIN" | "LOGOUT" | "ADD_USER" | "UPDATE_USER" | "DELETE_USER" | "ADD_ACCOUNT" | "UPDATE_ACCOUNT" | "DELETE_ACCOUNT" | "ADD_CONTACT" | "UPDATE_CONTACT" | ... 93 more ... | "SET_UPDATE_AVAILABLE"'.
components/projectManagement/ProjectPMManager.tsx(814,28): error TS2322: Type '"ADD_PM_CYCLE_ALLOCATION"' is not assignable to type '"SET_STATE" | "SET_PAGE" | "LOGIN" | "LOGOUT" | "ADD_USER" | "UPDATE_USER" | "DELETE_USER" | "ADD_ACCOUNT" | "UPDATE_ACCOUNT" | "DELETE_ACCOUNT" | "ADD_CONTACT" | "UPDATE_CONTACT" | ... 93 more ... | "SET_UPDATE_AVAILABLE"'.
components/projectManagement/ProjectPMPaymentModal.tsx(180,35): error TS2339: Property 'billId' does not exist on type 'PMLedgerItem'.
components/projectManagement/ProjectPMPaymentModal.tsx(180,80): error TS2339: Property 'billId' does not exist on type 'PMLedgerItem'.
components/projectManagement/ProjectPMPaymentModal.tsx(266,40): error TS2322: Type '"UPDATE_PM_CYCLE_ALLOCATION"' is not assignable to type '"SET_STATE" | "SET_PAGE" | "LOGIN" | "LOGOUT" | "ADD_USER" | "UPDATE_USER" | "DELETE_USER" | "ADD_ACCOUNT" | "UPDATE_ACCOUNT" | "DELETE_ACCOUNT" | "ADD_CONTACT" | "UPDATE_CONTACT" | ... 93 more ... | "SET_UPDATE_AVAILABLE"'.
components/projectManagement/ProjectPMPaymentModal.tsx(323,35): error TS2339: Property 'billId' does not exist on type 'PMLedgerItem'.
components/projectManagement/ProjectPMPaymentModal.tsx(323,80): error TS2339: Property 'billId' does not exist on type 'PMLedgerItem'.
components/projectManagement/ProjectSettingsPage.tsx(204,25): error TS2322: Type '{ project: any; onSave: (project: any) => void; onCancel: () => void; }' is not assignable to type 'IntrinsicAttributes & InstallmentConfigFormProps'.
  Property 'project' does not exist on type 'IntrinsicAttributes & InstallmentConfigFormProps'.
components/projectManagement/SalesReturnsPage.tsx(448,76): error TS2551: Property 'agreement' does not exist on type 'SalesReturn'. Did you mean 'agreementId'?
components/projectManagement/SalesReturnsPage.tsx(452,76): error TS2339: Property 'client' does not exist on type 'SalesReturn'.
components/projectManagement/SalesReturnsPage.tsx(520,104): error TS2339: Property 'client' does not exist on type 'SalesReturn'.
components/projectManagement/SalesReturnsPage.tsx(527,72): error TS2339: Property 'client' does not exist on type 'SalesReturn'.
components/rentalManagement/RentalBillsPage.tsx(258,38): error TS2345: Argument of type '{ name: string; contactNo?: string; }' is not assignable to parameter of type 'Contact | Vendor'.
  Property 'id' is missing in type '{ name: string; contactNo?: string; }' but required in type 'Vendor'.
components/settings/AssetsManagement.tsx(830,37): error TS2322: Type '(closeForm?: boolean) => void' is not assignable to type 'MouseEventHandler<HTMLButtonElement>'.
  Types of parameters 'closeForm' and 'event' are incompatible.
    Type 'MouseEvent<HTMLButtonElement, MouseEvent>' is not assignable to type 'boolean'.
components/settings/ErrorLogViewer.tsx(8,26): error TS2614: Module '"../../services/errorLogger"' has no exported member 'ExtendedErrorLogEntry'. Did you mean to use 'import ExtendedErrorLogEntry from "../../services/errorLogger"' instead?
components/settings/ExportDataModal.tsx(17,44): error TS2339: Property 'completeProgress' does not exist on type 'ProgressContextType'.
components/settings/PropertyTransferModal.tsx(259,25): error TS2353: Object literal may only specify known properties, and 'tenantId' does not exist in type 'RentalAgreement'.
components/settings/WarehouseManagement.tsx(4,10): error TS2305: Module '"../../types"' has no exported member 'Warehouse'.
components/settings/WarehouseManagement.tsx(50,39): error TS2339: Property 'warehouses' does not exist on type 'AppState'.
components/settings/WarehouseManagement.tsx(85,18): error TS2339: Property 'warehouses' does not exist on type 'AppState'.
components/settings/WarehouseManagement.tsx(105,36): error TS2339: Property 'warehouses' does not exist on type 'AppState'.
components/settings/WarehouseManagement.tsx(129,21): error TS2322: Type '"UPDATE_WAREHOUSE"' is not assignable to type '"SET_STATE" | "SET_PAGE" | "LOGIN" | "LOGOUT" | "ADD_USER" | "UPDATE_USER" | "DELETE_USER" | "ADD_ACCOUNT" | "UPDATE_ACCOUNT" | "DELETE_ACCOUNT" | "ADD_CONTACT" | "UPDATE_CONTACT" | ... 93 more ... | "SET_UPDATE_AVAILABLE"'.
components/settings/WarehouseManagement.tsx(138,21): error TS2322: Type '"ADD_WAREHOUSE"' is not assignable to type '"SET_STATE" | "SET_PAGE" | "LOGIN" | "LOGOUT" | "ADD_USER" | "UPDATE_USER" | "DELETE_USER" | "ADD_ACCOUNT" | "UPDATE_ACCOUNT" | "DELETE_ACCOUNT" | "ADD_CONTACT" | "UPDATE_CONTACT" | ... 93 more ... | "SET_UPDATE_AVAILABLE"'.
components/settings/WarehouseManagement.tsx(172,13): error TS2554: Expected 1-2 arguments, but got 4.
components/settings/WarehouseManagement.tsx(182,17): error TS2322: Type '"DELETE_WAREHOUSE"' is not assignable to type '"SET_STATE" | "SET_PAGE" | "LOGIN" | "LOGOUT" | "ADD_USER" | "UPDATE_USER" | "DELETE_USER" | "ADD_ACCOUNT" | "UPDATE_ACCOUNT" | "DELETE_ACCOUNT" | "ADD_CONTACT" | "UPDATE_CONTACT" | ... 93 more ... | "SET_UPDATE_AVAILABLE"'.
components/settings/WarehouseManagement.tsx(231,37): error TS2322: Type '(closeForm?: boolean) => void' is not assignable to type 'MouseEventHandler<HTMLButtonElement>'.
  Types of parameters 'closeForm' and 'event' are incompatible.
    Type 'MouseEvent<HTMLButtonElement, MouseEvent>' is not assignable to type 'boolean'.
components/settings/WhatsAppConfigForm.tsx(239,27): error TS2339: Property 'success' does not exist on type 'unknown'.
components/settings/WhatsAppConfigForm.tsx(240,27): error TS2339: Property 'message' does not exist on type 'unknown'.
components/settings/WhatsAppConfigForm.tsx(277,29): error TS2339: Property 'success' does not exist on type 'unknown'.
components/settings/WhatsAppConfigForm.tsx(278,29): error TS2339: Property 'message' does not exist on type 'unknown'.
components/settings/WhatsAppConfigForm.tsx(348,27): error TS2339: Property 'success' does not exist on type 'unknown'.
components/settings/WhatsAppConfigForm.tsx(349,27): error TS2339: Property 'message' does not exist on type 'unknown'.
components/settings/WhatsAppConfigForm.tsx(500,29): error TS2339: Property 'messageId' does not exist on type 'unknown'.
components/settings/WhatsAppConfigForm.tsx(501,25): error TS2339: Property 'wamId' does not exist on type 'unknown'.
components/settings/WhatsAppConfigForm.tsx(502,26): error TS2339: Property 'status' does not exist on type 'unknown'.
components/shop/multistore/TerminalManager.tsx(15,60): error TS2304: Cannot find name 'POSTerminal'.
components/shop/pos/CartGrid.tsx(25,93): error TS2769: No overload matches this call.
  The last overload gave the following error.
    Object literal may only specify known properties, and 'size' does not exist in type 'Partial<unknown> & Attributes'.
components/shop/pos/CartGrid.tsx(87,98): error TS2769: No overload matches this call.
  The last overload gave the following error.
    Object literal may only specify known properties, and 'size' does not exist in type 'Partial<unknown> & Attributes'.
components/shop/ProcurementPage.tsx(397,83): error TS2345: Argument of type 'Vendor' is not assignable to parameter of type 'SetStateAction<Contact>'.
  Property 'type' is missing in type 'Vendor' but required in type 'Contact'.
components/tasks/initiatives/InitiativeDashboard.tsx(43,66): error TS2339: Property 'link' does not exist on type '{ home: Element; trendingUp: Element; settings: Element; plus: Element; minus: Element; chevronLeft: Element; chevronRight: Element; ... 69 more ...; userCheck: Element; }'.
components/tasks/initiatives/InitiativeDashboard.tsx(192,14): error TS2367: This comparison appears to be unintentional because the types '4' and '0' have no overlap.
components/tasks/initiatives/InitiativeDetails.tsx(138,48): error TS2339: Property 'link' does not exist on type '{ home: Element; trendingUp: Element; settings: Element; plus: Element; minus: Element; chevronLeft: Element; chevronRight: Element; ... 69 more ...; userCheck: Element; }'.
components/tasks/initiatives/MilestonesList.tsx(22,28): error TS2339: Property 'flag' does not exist on type '{ home: Element; trendingUp: Element; settings: Element; plus: Element; minus: Element; chevronLeft: Element; chevronRight: Element; ... 69 more ...; userCheck: Element; }'.
components/tasks/TaskCard.tsx(2,10): error TS2305: Module '"../../types"' has no exported member 'Task'.
components/tasks/TaskCard.tsx(2,16): error TS2305: Module '"../../types"' has no exported member 'TaskStatus'.
components/tasks/TaskCard.tsx(2,28): error TS2305: Module '"../../types"' has no exported member 'TaskType'.
components/tasks/TaskCheckInModal.tsx(2,10): error TS2305: Module '"../../types"' has no exported member 'Task'.
components/tasks/TaskCheckInModal.tsx(2,16): error TS2305: Module '"../../types"' has no exported member 'TaskStatus'.
components/tasks/TaskDetailModal.tsx(2,10): error TS2305: Module '"../../types"' has no exported member 'Task'.
components/tasks/TaskDetailModal.tsx(2,16): error TS2305: Module '"../../types"' has no exported member 'TaskUpdate'.
components/tasks/TaskForm.tsx(2,10): error TS2305: Module '"../../types"' has no exported member 'Task'.
components/tasks/TaskForm.tsx(2,16): error TS2305: Module '"../../types"' has no exported member 'TaskType'.
components/tasks/TaskForm.tsx(2,26): error TS2305: Module '"../../types"' has no exported member 'TaskStatus'.
components/tasks/TaskForm.tsx(2,38): error TS2724: '"../../types"' has no exported member named 'TaskCategory'. Did you mean 'Category'?
components/tasks/TaskReportsPage.tsx(19,9): error TS2353: Object literal may only specify known properties, and 'content' does not exist in type 'UseReactToPrintOptions'.
components/tasks/TasksPage.tsx(5,10): error TS2305: Module '"../../types"' has no exported member 'Task'.
components/tasks/TasksPage.tsx(5,16): error TS2305: Module '"../../types"' has no exported member 'TaskStatus'.
components/tasks/TasksPage.tsx(5,28): error TS2305: Module '"../../types"' has no exported member 'TaskType'.
components/tasks/TasksPage.tsx(5,38): error TS2724: '"../../types"' has no exported member named 'TaskCategory'. Did you mean 'Category'?
components/tasks/TasksPage.tsx(7,10): error TS2305: Module '"../../services/api/repositories/tasksApi"' has no exported member 'TasksApiRepository'.
components/tasks/TasksPage.tsx(381,7): error TS2559: Type '"Delete Task"' has no properties in common with type 'DialogOptions'.
components/transactions/VirtualizedLedgerTable.tsx(303,18): error TS2741: Property 'rowProps' is missing in type '{ listRef: any; defaultHeight: number; rowCount: number; rowHeight: (index: number) => 34 | 38; rowComponent: ({ index, style, ariaAttributes }: { index: number; style: CSSProperties; ariaAttributes?: any; }) => Element; style: { ...; }; className: string; onRowsRendered: ({ stopIndex }: { ...; }) => void; }' but required in type '{ children?: ReactNode; className?: string; defaultHeight?: number; listRef?: Ref<{ readonly element: HTMLDivElement; scrollToRow(config: { align?: "auto" | "center" | "end" | "start" | "smart"; behavior?: "auto" | ... 1 more ... | "smooth"; index: number; }): void; }>; ... 8 more ...; tagName?: "div"; }'.
components/ui/PrintButton.tsx(41,7): error TS2322: Type '"md" | "lg" | "sm"' is not assignable to type '"default" | "icon" | "sm"'.
  Type '"md"' is not assignable to type '"default" | "icon" | "sm"'.
components/ui/SmartComboBox.tsx(3,20): error TS2614: Module '"./ComboBox"' has no exported member 'ComboBoxItem'. Did you mean to use 'import ComboBoxItem from "./ComboBox"' instead?
components/ui/SyncDiagnosticPanel.tsx(54,44): error TS2551: Property 'tenant' does not exist on type 'User'. Did you mean 'tenantId'?
components/ui/SyncDiagnosticPanel.tsx(59,38): error TS2551: Property 'tenant' does not exist on type 'User'. Did you mean 'tenantId'?
components/ui/SyncDiagnosticPanel.tsx(62,44): error TS2551: Property 'tenant' does not exist on type 'User'. Did you mean 'tenantId'?
components/ui/SyncDiagnosticPanel.tsx(68,38): error TS2551: Property 'tenant' does not exist on type 'User'. Did you mean 'tenantId'?
components/ui/SyncDiagnosticPanel.tsx(71,36): error TS2551: Property 'tenant' does not exist on type 'User'. Did you mean 'tenantId'?
components/ui/SyncDiagnosticPanel.tsx(80,37): error TS2551: Property 'tenant' does not exist on type 'User'. Did you mean 'tenantId'?
components/ui/SyncDiagnosticPanel.tsx(81,39): error TS2551: Property 'tenant' does not exist on type 'User'. Did you mean 'tenantId'?
components/ui/SyncDiagnosticPanel.tsx(82,40): error TS2551: Property 'tenant' does not exist on type 'User'. Did you mean 'tenantId'?
components/ui/SyncDiagnosticPanel.tsx(83,40): error TS2551: Property 'tenant' does not exist on type 'User'. Did you mean 'tenantId'?
components/ui/SyncDiagnosticPanel.tsx(105,38): error TS2551: Property 'tenant' does not exist on type 'User'. Did you mean 'tenantId'?
components/ui/SyncDiagnosticPanel.tsx(129,38): error TS2551: Property 'tenant' does not exist on type 'User'. Did you mean 'tenantId'?
components/ui/UpdateNotification.tsx(8,7): error TS2304: Cannot find name 'isOnSettingsPage'.
components/ui/UpdateNotification.tsx(11,7): error TS2304: Cannot find name 'isDismissed'.
components/ui/UpdateNotification.tsx(11,24): error TS2304: Cannot find name 'updateAvailable'.
components/ui/UpdateNotification.tsx(11,44): error TS2304: Cannot find name 'updateDownloaded'.
components/ui/UpdateNotification.tsx(11,65): error TS2552: Cannot find name 'error'. Did you mean 'Error'?
components/ui/UpdateNotification.tsx(11,75): error TS2304: Cannot find name 'isChecking'.
components/ui/UpdateNotification.tsx(16,7): error TS2304: Cannot find name 'updateDownloaded'.
components/ui/UpdateNotification.tsx(16,27): error TS2304: Cannot find name 'updateInfo'.
components/ui/UpdateNotification.tsx(17,27): error TS2304: Cannot find name 'updateInfo'.
components/ui/UpdateNotification.tsx(23,16): error TS2304: Cannot find name 'CheckCircle'.
components/ui/UpdateNotification.tsx(30,30): error TS2304: Cannot find name 'setIsDismissed'.
components/ui/UpdateNotification.tsx(33,16): error TS2304: Cannot find name 'X'.
components/ui/UpdateNotification.tsx(39,56): error TS2304: Cannot find name 'updateInfo'.
components/ui/UpdateNotification.tsx(54,32): error TS2304: Cannot find name 'installUpdate'.
components/ui/UpdateNotification.tsx(57,18): error TS2304: Cannot find name 'RefreshCw'.
components/ui/UpdateNotification.tsx(61,32): error TS2304: Cannot find name 'setIsDismissed'.
components/ui/UpdateNotification.tsx(74,7): error TS2304: Cannot find name 'downloadProgress'.
components/ui/UpdateNotification.tsx(80,16): error TS2304: Cannot find name 'Download'.
components/ui/UpdateNotification.tsx(83,14): error TS2304: Cannot find name 'isMinimized'.
components/ui/UpdateNotification.tsx(85,32): error TS2304: Cannot find name 'setIsMinimized'.
components/ui/UpdateNotification.tsx(88,18): error TS2304: Cannot find name 'Clock'.
components/ui/UpdateNotification.tsx(92,32): error TS2304: Cannot find name 'setIsMinimized'.
components/ui/UpdateNotification.tsx(95,18): error TS2304: Cannot find name 'X'.
components/ui/UpdateNotification.tsx(100,13): error TS2304: Cannot find name 'isMinimized'.
components/ui/UpdateNotification.tsx(104,26): error TS2304: Cannot find name 'formatBytes'.
components/ui/UpdateNotification.tsx(104,38): error TS2304: Cannot find name 'downloadProgress'.
components/ui/UpdateNotification.tsx(104,72): error TS2304: Cannot find name 'formatBytes'.
components/ui/UpdateNotification.tsx(104,84): error TS2304: Cannot find name 'downloadProgress'.
components/ui/UpdateNotification.tsx(105,26): error TS2304: Cannot find name 'formatBytes'.
components/ui/UpdateNotification.tsx(105,38): error TS2304: Cannot find name 'downloadProgress'.
components/ui/UpdateNotification.tsx(110,40): error TS2304: Cannot find name 'smoothedProgress'.
components/ui/UpdateNotification.tsx(114,20): error TS2304: Cannot find name 'smoothedProgress'.
components/ui/UpdateNotification.tsx(125,7): error TS2304: Cannot find name 'updateAvailable'.
components/ui/UpdateNotification.tsx(125,26): error TS2304: Cannot find name 'updateInfo'.
components/ui/UpdateNotification.tsx(131,16): error TS2304: Cannot find name 'Download'.
components/ui/UpdateNotification.tsx(135,30): error TS2304: Cannot find name 'setIsDismissed'.
components/ui/UpdateNotification.tsx(138,16): error TS2304: Cannot find name 'X'.
components/ui/UpdateNotification.tsx(144,56): error TS2304: Cannot find name 'updateInfo'.
components/ui/UpdateNotification.tsx(146,14): error TS2304: Cannot find name 'updateInfo'.
components/ui/UpdateNotification.tsx(148,18): error TS2304: Cannot find name 'updateInfo'.
components/ui/UpdateNotification.tsx(158,25): error TS2304: Cannot find name 'downloadUpdate'.
components/ui/UpdateNotification.tsx(162,18): error TS2304: Cannot find name 'Download'.
components/ui/UpdateNotification.tsx(166,32): error TS2304: Cannot find name 'setIsDismissed'.
components/ui/UpdateNotification.tsx(179,7): error TS2304: Cannot find name 'error'.
components/ui/UpdateNotification.tsx(185,16): error TS2304: Cannot find name 'AlertCircle'.
components/ui/UpdateNotification.tsx(189,30): error TS2304: Cannot find name 'setIsDismissed'.
components/ui/UpdateNotification.tsx(192,16): error TS2304: Cannot find name 'X'.
components/ui/UpdateNotification.tsx(197,56): error TS2304: Cannot find name 'error'.
components/ui/UpdateNotification.tsx(200,17): error TS2304: Cannot find name 'checkForUpdates'.
components/ui/UpdateNotification.tsx(201,17): error TS2304: Cannot find name 'setIsDismissed'.
components/ui/UpdateNotification.tsx(205,16): error TS2304: Cannot find name 'RefreshCw'.
components/whatsapp/WhatsAppChatWindow.tsx(285,23): error TS2339: Property 'tenantId' does not exist on type 'AppState'.
context/AppContext.tsx(262,7): error TS2741: Property 'pmCycleAllocations' is missing in type '{ users: User[]; currentUser: null; accounts: Account[]; contacts: undefined[]; vendors: undefined[]; categories: Category[]; projects: undefined[]; buildings: undefined[]; properties: undefined[]; ... 36 more ...; documents: undefined[]; }' but required in type 'AppState'.
context/AppContext.tsx(751,14): error TS2678: Type '"ADD_PM_CYCLE_ALLOCATION"' is not comparable to type '"SET_STATE" | "SET_PAGE" | "LOGIN" | "LOGOUT" | "ADD_USER" | "UPDATE_USER" | "DELETE_USER" | "ADD_ACCOUNT" | "UPDATE_ACCOUNT" | "DELETE_ACCOUNT" | "ADD_CONTACT" | "UPDATE_CONTACT" | ... 93 more ... | "SET_UPDATE_AVAILABLE"'.
context/AppContext.tsx(754,82): error TS2339: Property 'payload' does not exist on type 'never'.
context/AppContext.tsx(756,14): error TS2678: Type '"UPDATE_PM_CYCLE_ALLOCATION"' is not comparable to type '"SET_STATE" | "SET_PAGE" | "LOGIN" | "LOGOUT" | "ADD_USER" | "UPDATE_USER" | "DELETE_USER" | "ADD_ACCOUNT" | "UPDATE_ACCOUNT" | "DELETE_ACCOUNT" | "ADD_CONTACT" | "UPDATE_CONTACT" | ... 93 more ... | "SET_UPDATE_AVAILABLE"'.
context/AppContext.tsx(760,37): error TS2339: Property 'payload' does not exist on type 'never'.
context/AppContext.tsx(760,57): error TS2339: Property 'payload' does not exist on type 'never'.
context/AppContext.tsx(763,14): error TS2678: Type '"DELETE_PM_CYCLE_ALLOCATION"' is not comparable to type '"SET_STATE" | "SET_PAGE" | "LOGIN" | "LOGOUT" | "ADD_USER" | "UPDATE_USER" | "DELETE_USER" | "ADD_ACCOUNT" | "UPDATE_ACCOUNT" | "DELETE_ACCOUNT" | "ADD_CONTACT" | "UPDATE_CONTACT" | ... 93 more ... | "SET_UPDATE_AVAILABLE"'.
context/AppContext.tsx(766,98): error TS2339: Property 'payload' does not exist on type 'never'.
context/AppContext.tsx(810,82): error TS2339: Property 'penaltyCategoryId' does not exist on type '{ agreementId: string; penaltyPercentage: number; penaltyAmount: number; refundAmount: number; refundAccountId?: string; salesReturnId?: string; }'.
context/AppContext.tsx(1315,45): error TS2339: Property 'SettingsRepository' does not exist on type 'typeof import("F:/AntiGravity projects/PBooksPro/services/database/repositories/index")'.
context/AppContext.tsx(1624,47): error TS2339: Property 'tenant' does not exist on type 'User'.
context/AppContext.tsx(1993,25): error TS2367: This comparison appears to be unintentional because the types '"SET_STATE" | "SET_PAGE" | "LOGIN" | "LOGOUT" | "ADD_USER" | "UPDATE_USER" | "DELETE_USER" | "ADD_ACCOUNT" | "UPDATE_ACCOUNT" | "DELETE_ACCOUNT" | "ADD_CONTACT" | "UPDATE_CONTACT" | ... 93 more ... | "SET_UPDATE_AVAILABLE"' and '"ADD_INVENTORY_ITEM"' have no overlap.
context/AppContext.tsx(1994,45): error TS2339: Property 'payload' does not exist on type 'never'.
context/AppContext.tsx(1997,46): error TS2339: Property 'saveInventoryItem' does not exist on type 'AppStateApiService'.
context/AppContext.tsx(2007,32): error TS2367: This comparison appears to be unintentional because the types '"SET_STATE" | "SET_PAGE" | "LOGIN" | "LOGOUT" | "ADD_USER" | "UPDATE_USER" | "DELETE_USER" | "ADD_ACCOUNT" | "UPDATE_ACCOUNT" | "DELETE_ACCOUNT" | "ADD_CONTACT" | "UPDATE_CONTACT" | ... 93 more ... | "SET_UPDATE_AVAILABLE"' and '"UPDATE_INVENTORY_ITEM"' have no overlap.
context/AppContext.tsx(2008,45): error TS2339: Property 'payload' does not exist on type 'never'.
context/AppContext.tsx(2011,46): error TS2339: Property 'saveInventoryItem' does not exist on type 'AppStateApiService'.
context/AppContext.tsx(2021,32): error TS2367: This comparison appears to be unintentional because the types '"SET_STATE" | "SET_PAGE" | "LOGIN" | "LOGOUT" | "ADD_USER" | "UPDATE_USER" | "DELETE_USER" | "ADD_ACCOUNT" | "UPDATE_ACCOUNT" | "DELETE_ACCOUNT" | "ADD_CONTACT" | "UPDATE_CONTACT" | ... 93 more ... | "SET_UPDATE_AVAILABLE"' and '"DELETE_INVENTORY_ITEM"' have no overlap.
context/AppContext.tsx(2022,47): error TS2339: Property 'payload' does not exist on type 'never'.
context/AppContext.tsx(2024,46): error TS2339: Property 'deleteInventoryItem' does not exist on type 'AppStateApiService'.
context/AppContext.tsx(2206,25): error TS2367: This comparison appears to be unintentional because the types '"SET_STATE" | "SET_PAGE" | "LOGIN" | "LOGOUT" | "ADD_USER" | "UPDATE_USER" | "DELETE_USER" | "ADD_ACCOUNT" | "UPDATE_ACCOUNT" | "DELETE_ACCOUNT" | "ADD_CONTACT" | "UPDATE_CONTACT" | ... 93 more ... | "SET_UPDATE_AVAILABLE"' and '"ADD_PM_CYCLE_ALLOCATION"' have no overlap.
context/AppContext.tsx(2207,51): error TS2339: Property 'payload' does not exist on type 'never'.
context/AppContext.tsx(2210,32): error TS2367: This comparison appears to be unintentional because the types '"SET_STATE" | "SET_PAGE" | "LOGIN" | "LOGOUT" | "ADD_USER" | "UPDATE_USER" | "DELETE_USER" | "ADD_ACCOUNT" | "UPDATE_ACCOUNT" | "DELETE_ACCOUNT" | "ADD_CONTACT" | "UPDATE_CONTACT" | ... 93 more ... | "SET_UPDATE_AVAILABLE"' and '"UPDATE_PM_CYCLE_ALLOCATION"' have no overlap.
context/AppContext.tsx(2211,51): error TS2339: Property 'payload' does not exist on type 'never'.
context/AppContext.tsx(2214,32): error TS2367: This comparison appears to be unintentional because the types '"SET_STATE" | "SET_PAGE" | "LOGIN" | "LOGOUT" | "ADD_USER" | "UPDATE_USER" | "DELETE_USER" | "ADD_ACCOUNT" | "UPDATE_ACCOUNT" | "DELETE_ACCOUNT" | "ADD_CONTACT" | "UPDATE_CONTACT" | ... 93 more ... | "SET_UPDATE_AVAILABLE"' and '"DELETE_PM_CYCLE_ALLOCATION"' have no overlap.
context/AppContext.tsx(2215,53): error TS2339: Property 'payload' does not exist on type 'never'.
context/AppContext.tsx(2269,41): error TS2339: Property 'payload' does not exist on type 'AppAction'.
  Property 'payload' does not exist on type '{ type: "CLEAR_ERROR_LOG"; }'.
context/AppContext.tsx(2270,47): error TS2339: Property 'payload' does not exist on type 'AppAction'.
  Property 'payload' does not exist on type '{ type: "CLEAR_ERROR_LOG"; }'.
context/AppContext.tsx(2270,78): error TS2339: Property 'payload' does not exist on type 'AppAction'.
  Property 'payload' does not exist on type '{ type: "CLEAR_ERROR_LOG"; }'.
context/AppContext.tsx(2271,49): error TS2339: Property 'payload' does not exist on type 'AppAction'.
  Property 'payload' does not exist on type '{ type: "CLEAR_ERROR_LOG"; }'.
context/AppContext.tsx(2271,83): error TS2339: Property 'payload' does not exist on type 'AppAction'.
  Property 'payload' does not exist on type '{ type: "CLEAR_ERROR_LOG"; }'.
context/AppContext.tsx(2272,42): error TS2339: Property 'payload' does not exist on type 'AppAction'.
  Property 'payload' does not exist on type '{ type: "CLEAR_ERROR_LOG"; }'.
context/AppContext.tsx(2321,44): error TS2339: Property 'tenant' does not exist on type 'User'.
context/AppContext.tsx(2459,26): error TS2678: Type '"ADD_INVENTORY_ITEM"' is not comparable to type '"SET_STATE" | "SET_PAGE" | "LOGIN" | "LOGOUT" | "ADD_USER" | "UPDATE_USER" | "DELETE_USER" | "ADD_ACCOUNT" | "UPDATE_ACCOUNT" | "DELETE_ACCOUNT" | "ADD_CONTACT" | "UPDATE_CONTACT" | ... 93 more ... | "SET_UPDATE_AVAILABLE"'.
context/AppContext.tsx(2460,34): error TS2322: Type '"inventory_item"' is not assignable to type 'SyncOperationType'.
context/AppContext.tsx(2460,89): error TS2339: Property 'payload' does not exist on type 'never'.
context/AppContext.tsx(2461,26): error TS2678: Type '"UPDATE_INVENTORY_ITEM"' is not comparable to type '"SET_STATE" | "SET_PAGE" | "LOGIN" | "LOGOUT" | "ADD_USER" | "UPDATE_USER" | "DELETE_USER" | "ADD_ACCOUNT" | "UPDATE_ACCOUNT" | "DELETE_ACCOUNT" | "ADD_CONTACT" | "UPDATE_CONTACT" | ... 93 more ... | "SET_UPDATE_AVAILABLE"'.
context/AppContext.tsx(2462,34): error TS2322: Type '"inventory_item"' is not assignable to type 'SyncOperationType'.
context/AppContext.tsx(2462,89): error TS2339: Property 'payload' does not exist on type 'never'.
context/AppContext.tsx(2463,26): error TS2678: Type '"DELETE_INVENTORY_ITEM"' is not comparable to type '"SET_STATE" | "SET_PAGE" | "LOGIN" | "LOGOUT" | "ADD_USER" | "UPDATE_USER" | "DELETE_USER" | "ADD_ACCOUNT" | "UPDATE_ACCOUNT" | "DELETE_ACCOUNT" | "ADD_CONTACT" | "UPDATE_CONTACT" | ... 93 more ... | "SET_UPDATE_AVAILABLE"'.
context/AppContext.tsx(2464,34): error TS2322: Type '"inventory_item"' is not assignable to type 'SyncOperationType'.
context/AppContext.tsx(2464,95): error TS2339: Property 'payload' does not exist on type 'never'.
context/AppContext.tsx(2465,26): error TS2678: Type '"ADD_WAREHOUSE"' is not comparable to type '"SET_STATE" | "SET_PAGE" | "LOGIN" | "LOGOUT" | "ADD_USER" | "UPDATE_USER" | "DELETE_USER" | "ADD_ACCOUNT" | "UPDATE_ACCOUNT" | "DELETE_ACCOUNT" | "ADD_CONTACT" | "UPDATE_CONTACT" | ... 93 more ... | "SET_UPDATE_AVAILABLE"'.
context/AppContext.tsx(2466,34): error TS2322: Type '"warehouse"' is not assignable to type 'SyncOperationType'.
context/AppContext.tsx(2466,84): error TS2339: Property 'payload' does not exist on type 'never'.
context/AppContext.tsx(2467,26): error TS2678: Type '"UPDATE_WAREHOUSE"' is not comparable to type '"SET_STATE" | "SET_PAGE" | "LOGIN" | "LOGOUT" | "ADD_USER" | "UPDATE_USER" | "DELETE_USER" | "ADD_ACCOUNT" | "UPDATE_ACCOUNT" | "DELETE_ACCOUNT" | "ADD_CONTACT" | "UPDATE_CONTACT" | ... 93 more ... | "SET_UPDATE_AVAILABLE"'.
context/AppContext.tsx(2468,34): error TS2322: Type '"warehouse"' is not assignable to type 'SyncOperationType'.
context/AppContext.tsx(2468,84): error TS2339: Property 'payload' does not exist on type 'never'.
context/AppContext.tsx(2469,26): error TS2678: Type '"DELETE_WAREHOUSE"' is not comparable to type '"SET_STATE" | "SET_PAGE" | "LOGIN" | "LOGOUT" | "ADD_USER" | "UPDATE_USER" | "DELETE_USER" | "ADD_ACCOUNT" | "UPDATE_ACCOUNT" | "DELETE_ACCOUNT" | "ADD_CONTACT" | "UPDATE_CONTACT" | ... 93 more ... | "SET_UPDATE_AVAILABLE"'.
context/AppContext.tsx(2470,34): error TS2322: Type '"warehouse"' is not assignable to type 'SyncOperationType'.
context/AppContext.tsx(2470,90): error TS2339: Property 'payload' does not exist on type 'never'.
context/AppContext.tsx(2498,34): error TS2322: Type '"setting"' is not assignable to type 'SyncOperationType'.
context/AppContext.tsx(2500,34): error TS2322: Type '"setting"' is not assignable to type 'SyncOperationType'.
context/AppContext.tsx(2502,34): error TS2322: Type '"setting"' is not assignable to type 'SyncOperationType'.
context/AppContext.tsx(2504,34): error TS2322: Type '"setting"' is not assignable to type 'SyncOperationType'.
context/AppContext.tsx(2506,34): error TS2322: Type '"setting"' is not assignable to type 'SyncOperationType'.
context/AppContext.tsx(2508,34): error TS2322: Type '"setting"' is not assignable to type 'SyncOperationType'.
context/AppContext.tsx(2510,34): error TS2322: Type '"setting"' is not assignable to type 'SyncOperationType'.
context/AppContext.tsx(2512,34): error TS2322: Type '"setting"' is not assignable to type 'SyncOperationType'.
context/AppContext.tsx(2514,34): error TS2322: Type '"setting"' is not assignable to type 'SyncOperationType'.
context/AppContext.tsx(2516,34): error TS2322: Type '"setting"' is not assignable to type 'SyncOperationType'.
context/AppContext.tsx(2518,34): error TS2322: Type '"setting"' is not assignable to type 'SyncOperationType'.
context/AppContext.tsx(2520,34): error TS2322: Type '"setting"' is not assignable to type 'SyncOperationType'.
context/AppContext.tsx(2522,34): error TS2322: Type '"setting"' is not assignable to type 'SyncOperationType'.
context/AppContext.tsx(3575,58): error TS2339: Property 'remove' does not exist on type 'FileSystemFileHandle'.
context/AuthContext.tsx(924,9): error TS2322: Type '() => Promise<{ isValid?: boolean; licenseType?: string; licenseStatus?: string; expiryDate?: string | null; daysRemaining?: number; isExpired?: boolean; modules?: string[]; }>' is not assignable to type '() => Promise<{ isValid: boolean; daysRemaining?: number; type?: string; modules?: string[]; }>'.
  Type 'Promise<{ isValid?: boolean; licenseType?: string; licenseStatus?: string; expiryDate?: string; daysRemaining?: number; isExpired?: boolean; modules?: string[]; }>' is not assignable to type 'Promise<{ isValid: boolean; daysRemaining?: number; type?: string; modules?: string[]; }>'.
    Type '{ isValid?: boolean; licenseType?: string; licenseStatus?: string; expiryDate?: string; daysRemaining?: number; isExpired?: boolean; modules?: string[]; }' is not assignable to type '{ isValid: boolean; daysRemaining?: number; type?: string; modules?: string[]; }'.
      Property 'isValid' is optional in type '{ isValid?: boolean; licenseType?: string; licenseStatus?: string; expiryDate?: string; daysRemaining?: number; isExpired?: boolean; modules?: string[]; }' but required in type '{ isValid: boolean; daysRemaining?: number; type?: string; modules?: string[]; }'.
context/MultiStoreContext.tsx(128,34): error TS2345: Argument of type '{ id: any; storeId: any; name: any; status: any; version: any; lastSync: any; ipAddress: any; healthScore: any; }[]' is not assignable to parameter of type 'SetStateAction<POSTerminal[]>'.
  Type '{ id: any; storeId: any; name: any; status: any; version: any; lastSync: any; ipAddress: any; healthScore: any; }[]' is not assignable to type 'POSTerminal[]'.
    Property 'code' is missing in type '{ id: any; storeId: any; name: any; status: any; version: any; lastSync: any; ipAddress: any; healthScore: any; }' but required in type 'POSTerminal'.
context/OfflineContext.tsx(49,36): error TS2551: Property 'tenant' does not exist on type 'User'. Did you mean 'tenantId'?
context/OfflineContext.tsx(56,60): error TS2551: Property 'tenant' does not exist on type 'User'. Did you mean 'tenantId'?
context/OfflineContext.tsx(57,58): error TS2551: Property 'tenant' does not exist on type 'User'. Did you mean 'tenantId'?
context/OfflineContext.tsx(63,30): error TS2551: Property 'tenant' does not exist on type 'User'. Did you mean 'tenantId'?
context/OfflineContext.tsx(78,36): error TS2551: Property 'tenant' does not exist on type 'User'. Did you mean 'tenantId'?
context/OfflineContext.tsx(93,65): error TS2551: Property 'tenant' does not exist on type 'User'. Did you mean 'tenantId'?
context/OfflineContext.tsx(103,35): error TS2551: Property 'tenant' does not exist on type 'User'. Did you mean 'tenantId'?
context/OfflineContext.tsx(109,30): error TS2551: Property 'tenant' does not exist on type 'User'. Did you mean 'tenantId'?
context/OfflineContext.tsx(190,67): error TS2551: Property 'tenant' does not exist on type 'User'. Did you mean 'tenantId'?
context/OfflineContext.tsx(194,48): error TS2551: Property 'tenant' does not exist on type 'User'. Did you mean 'tenantId'?
context/OfflineContext.tsx(201,69): error TS2551: Property 'tenant' does not exist on type 'User'. Did you mean 'tenantId'?
context/OfflineContext.tsx(211,48): error TS2551: Property 'tenant' does not exist on type 'User'. Did you mean 'tenantId'?
context/OfflineContext.tsx(240,36): error TS2551: Property 'tenant' does not exist on type 'User'. Did you mean 'tenantId'?
context/OfflineContext.tsx(245,43): error TS2551: Property 'tenant' does not exist on type 'User'. Did you mean 'tenantId'?
context/OfflineContext.tsx(250,30): error TS2551: Property 'tenant' does not exist on type 'User'. Did you mean 'tenantId'?
hooks/useEntityFormModal.tsx(174,11): error TS2322: Type 'TransactionType' is not assignable to type 'TransactionType.INCOME | TransactionType.EXPENSE'.
hooks/useEntityFormModal.tsx(192,11): error TS2322: Type '{ onSubmit: (data: any) => void; onCancel: () => void; contacts: Contact[]; buildings: Building[]; properties: Property[]; initialName: string; }' is not assignable to type 'IntrinsicAttributes & PropertyFormProps'.
  Property 'initialName' does not exist on type 'IntrinsicAttributes & PropertyFormProps'.
hooks/useEntityFormModal.tsx(199,11): error TS2322: Type '{ onSubmit: (data: any) => void; onCancel: () => void; initialName: string; }' is not assignable to type 'IntrinsicAttributes & UnitFormProps'.
  Property 'initialName' does not exist on type 'IntrinsicAttributes & UnitFormProps'.
hooks/usePrintForm.ts(64,5): error TS2322: Type '() => void' is not assignable to type '() => Promise<void>'.
  Type 'void' is not assignable to type 'Promise<void>'.
hooks/useViewport.ts(77,30): error TS2554: Expected 1 arguments, but got 0.
mock-whatsapp/src/meta-api.ts(90,5): error TS2322: Type 'string | { preview_url?: boolean; body?: string; }' is not assignable to type 'string'.
  Type '{ preview_url?: boolean; body?: string; }' is not assignable to type 'string'.
services/backupService.ts(595,17): error TS18004: No value exists in scope for the shorthand property 'loanAdvanceRecords'. Either declare one or provide an initializer.
services/backupService.ts(619,41): error TS2304: Cannot find name 'loanAdvanceRecords'.
services/backupService.ts(700,61): error TS2339: Property 'data' does not exist on type 'AppState'.
services/backupService.ts(701,34): error TS2339: Property 'data' does not exist on type 'AppState'.
services/backupService.ts(710,26): error TS2339: Property 'loanAdvanceRecords' does not exist on type 'AppState'.
services/backupService.ts(711,32): error TS2339: Property 'data' does not exist on type 'AppState'.
services/backupService.ts(720,32): error TS2339: Property 'data' does not exist on type 'AppState'.
services/backupService.ts(725,34): error TS2339: Property 'data' does not exist on type 'AppState'.
services/backupService.ts(729,65): error TS2339: Property 'data' does not exist on type 'AppState'.
services/backupService.ts(730,34): error TS2339: Property 'data' does not exist on type 'AppState'.
services/backupService.ts(790,32): error TS2339: Property 'data' does not exist on type 'AppState'.
services/backupService.ts(794,58): error TS2339: Property 'data' does not exist on type 'AppState'.
services/backupService.ts(835,13): error TS2353: Object literal may only specify known properties, and 'loanAdvanceRecords' does not exist in type 'AppState'.
services/csvExportSchemas.ts(153,54): error TS2339: Property 'tenantId' does not exist on type 'RentalAgreement'.
services/database/migrations/migrate-rental-tenant-id-to-contact-id.ts(222,41): error TS2304: Cannot find name 'reject'.
services/database/migrations/migrate-rental-tenant-id-to-contact-id.ts(232,45): error TS2304: Cannot find name 'reject'.
services/database/unifiedDatabaseService.ts(16,30): error TS2724: '"./databaseService"' has no exported member named 'DatabaseService'. Did you mean 'getDatabaseService'?
services/documentUploadService.ts(99,30): error TS2304: Cannot find name 'd'.
services/exportSchemas.ts(182,62): error TS2339: Property 'tenantId' does not exist on type 'RentalAgreement'.
services/sync/lockManager.ts(251,23): error TS2341: Property 'isConnected' is private and only accessible within class 'WebSocketClient'.
services/sync/lockManager.ts(251,23): error TS2349: This expression is not callable.
  Type 'Boolean' has no call signatures.
services/sync/lockManager.ts(252,21): error TS2339: Property 'emit' does not exist on type 'WebSocketClient'.
services/sync/lockManager.ts(268,23): error TS2341: Property 'isConnected' is private and only accessible within class 'WebSocketClient'.
services/sync/lockManager.ts(268,23): error TS2349: This expression is not callable.
  Type 'Boolean' has no call signatures.
services/sync/lockManager.ts(269,21): error TS2339: Property 'emit' does not exist on type 'WebSocketClient'.
services/sync/realtimeSyncHandler.ts(129,3): error TS2322: Type '"ADD_WAREHOUSE"' is not assignable to type '"SET_STATE" | "SET_PAGE" | "LOGIN" | "LOGOUT" | "ADD_USER" | "UPDATE_USER" | "DELETE_USER" | "ADD_ACCOUNT" | "UPDATE_ACCOUNT" | "DELETE_ACCOUNT" | "ADD_CONTACT" | "UPDATE_CONTACT" | ... 93 more ... | "SET_UPDATE_AVAILABLE"'.
services/sync/realtimeSyncHandler.ts(130,3): error TS2322: Type '"UPDATE_WAREHOUSE"' is not assignable to type '"SET_STATE" | "SET_PAGE" | "LOGIN" | "LOGOUT" | "ADD_USER" | "UPDATE_USER" | "DELETE_USER" | "ADD_ACCOUNT" | "UPDATE_ACCOUNT" | "DELETE_ACCOUNT" | "ADD_CONTACT" | "UPDATE_CONTACT" | ... 93 more ... | "SET_UPDATE_AVAILABLE"'.
services/sync/realtimeSyncHandler.ts(131,3): error TS2322: Type '"DELETE_WAREHOUSE"' is not assignable to type '"SET_STATE" | "SET_PAGE" | "LOGIN" | "LOGOUT" | "ADD_USER" | "UPDATE_USER" | "DELETE_USER" | "ADD_ACCOUNT" | "UPDATE_ACCOUNT" | "DELETE_ACCOUNT" | "ADD_CONTACT" | "UPDATE_CONTACT" | ... 93 more ... | "SET_UPDATE_AVAILABLE"'.
